// Jest Snapshot v1, https://goo.gl/fbAQLP

exports[`TaskItem.vue should match element against snapshot 1`] = `
<li
  class=""
>
  <div
    class="form-check"
  >
    <label
      class="form-check-label"
    >
      <input
        class="checkbox"
        type="checkbox"
      />
      
    N/A 
      <i
        class="input-helper"
      />
    </label>
  </div>
   
  <i
    class="remove fas fa-trash-alt fa-xs"
  />
</li>
`;
